{"sessionId": "dc587c", "timestamp": 1782521534274, "location": "run.py:entry", "message": "Starting OSVisu", "data": {"cwd": "C:\\Users\\Admin\\OSVisu", "script_dir": "C:\\Users\\Admin\\OSVisu", "sys_path_head": ["C:\\Users\\Admin\\OSVisu", "C:\\Users\\Admin\\AppData\\Local\\Python\\pythoncore-3.14-64\\python314.zip", "C:\\Users\\Admin\\AppData\\Local\\Python\\pythoncore-3.14-64\\DLLs"], "python": "C:\\Users\\Admin\\OSVisu\\venv\\Scripts\\python.exe"}, "runId": "post-fix", "hypothesisId": "A"}
{"sessionId": "dc587c", "timestamp": 1782521534551, "location": "run.py:import", "message": "create_app imported successfully", "data": {}, "runId": "post-fix", "hypothesisId": "A"}
{"sessionId": "dc587c", "timestamp": 1782521534579, "location": "run.py:create_app", "message": "Flask app created", "data": {"root_path": "C:\\Users\\Admin\\OSVisu\\app", "route_count": 13, "react_dist_exists": true}, "runId": "post-fix", "hypothesisId": "F1"}
{"sessionId": "dc587c", "timestamp": 1782521534580, "location": "run.py:run", "message": "Calling app.run(debug=True)", "data": {}, "runId": "post-fix", "hypothesisId": "E"}
{"sessionId": "dc587c", "timestamp": 1782521614552, "location": "run.py:entry", "message": "Starting OSVisu", "data": {"cwd": "C:\\Users\\Admin\\OSVisu", "script_dir": "c:\\Users\\Admin\\OSVisu", "sys_path_head": ["c:\\Users\\Admin\\OSVisu", "C:\\Users\\Admin\\AppData\\Local\\Python\\pythoncore-3.14-64\\python314.zip", "C:\\Users\\Admin\\AppData\\Local\\Python\\pythoncore-3.14-64\\DLLs"], "python": "C:\\Users\\Admin\\OSVisu\\venv\\Scripts\\python.exe"}, "runId": "post-fix", "hypothesisId": "A"}
{"sessionId": "dc587c", "timestamp": 1782521614740, "location": "run.py:import", "message": "create_app imported successfully", "data": {}, "runId": "post-fix", "hypothesisId": "A"}
{"sessionId": "dc587c", "timestamp": 1782521614750, "location": "run.py:create_app", "message": "Flask app created", "data": {"root_path": "c:\\Users\\Admin\\OSVisu\\app", "route_count": 13, "react_dist_exists": true}, "runId": "post-fix", "hypothesisId": "F1"}
{"sessionId": "dc587c", "timestamp": 1782521614751, "location": "run.py:run", "message": "Calling app.run(debug=True)", "data": {}, "runId": "post-fix", "hypothesisId": "E"}
{"sessionId": "dc587c", "timestamp": 1782521614879, "location": "run.py:entry", "message": "Starting OSVisu", "data": {"cwd": "C:\\Users\\Admin\\OSVisu", "script_dir": "c:\\Users\\Admin\\OSVisu", "sys_path_head": ["c:\\Users\\Admin\\OSVisu", "C:\\Users\\Admin\\AppData\\Local\\Python\\pythoncore-3.14-64\\python314.zip", "C:\\Users\\Admin\\AppData\\Local\\Python\\pythoncore-3.14-64\\DLLs"], "python": "C:\\Users\\Admin\\OSVisu\\venv\\Scripts\\python.exe"}, "runId": "post-fix", "hypothesisId": "A"}
{"sessionId": "dc587c", "timestamp": 1782521615071, "location": "run.py:import", "message": "create_app imported successfully", "data": {}, "runId": "post-fix", "hypothesisId": "A"}
{"sessionId": "dc587c", "timestamp": 1782521615080, "location": "run.py:create_app", "message": "Flask app created", "data": {"root_path": "c:\\Users\\Admin\\OSVisu\\app", "route_count": 13, "react_dist_exists": true}, "runId": "post-fix", "hypothesisId": "F1"}
{"sessionId": "dc587c", "timestamp": 1782521615081, "location": "run.py:run", "message": "Calling app.run(debug=True)", "data": {}, "runId": "post-fix", "hypothesisId": "E"}
{"sessionId": "dc587c", "timestamp": 1782521622335, "location": "__init__.py:index", "message": "Serving homepage", "data": {"react_dist_exists": true, "react_index": "C:\\Users\\Admin\\OSVisu\\app\\osvisu-app\\dist\\index.html"}, "runId": "post-fix", "hypothesisId": "F1"}
{"sessionId": "dc587c", "timestamp": 1782521622442, "location": "__init__.py:static_proxy", "message": "Serving React asset", "data": {"path": "assets/index-nqMpL4T3.css"}, "runId": "post-fix", "hypothesisId": "F3"}
{"sessionId": "dc587c", "timestamp": 1782521622442, "location": "__init__.py:static_proxy", "message": "Serving React asset", "data": {"path": "assets/index-HPWcBOcz.js"}, "runId": "post-fix", "hypothesisId": "F3"}
{"sessionId": "dc587c", "timestamp": 1782521622519, "location": "__init__.py:static_proxy", "message": "Serving React asset", "data": {"path": "favicon.svg"}, "runId": "post-fix", "hypothesisId": "F3"}
{"sessionId": "dc587c", "timestamp": 1782521622612, "location": "__init__.py:static_proxy", "message": "Serving React asset", "data": {"path": "assets/index-nqMpL4T3.css"}, "runId": "post-fix", "hypothesisId": "F3"}
{"sessionId": "dc587c", "timestamp": 1782533472028, "location": "__init__.py:index", "message": "Serving homepage", "data": {"react_dist_exists": true, "react_index": "C:\\Users\\Admin\\OSVisu\\app\\osvisu-app\\dist\\index.html"}, "runId": "post-fix", "hypothesisId": "F1"}
{"sessionId": "dc587c", "timestamp": 1782533472105, "location": "__init__.py:static_proxy", "message": "Serving React asset", "data": {"path": "assets/index-nqMpL4T3.css"}, "runId": "post-fix", "hypothesisId": "F3"}
{"sessionId": "dc587c", "timestamp": 1782533472117, "location": "__init__.py:static_proxy", "message": "Serving React asset", "data": {"path": "assets/index-HPWcBOcz.js"}, "runId": "post-fix", "hypothesisId": "F3"}
{"sessionId": "dc587c", "timestamp": 1782533479573, "location": "__init__.py:index", "message": "Serving homepage", "data": {"react_dist_exists": true, "react_index": "C:\\Users\\Admin\\OSVisu\\app\\osvisu-app\\dist\\index.html"}, "runId": "post-fix", "hypothesisId": "F1"}
{"sessionId": "dc587c", "timestamp": 1782533479610, "location": "__init__.py:static_proxy", "message": "Serving React asset", "data": {"path": "assets/index-HPWcBOcz.js"}, "runId": "post-fix", "hypothesisId": "F3"}
{"sessionId": "dc587c", "timestamp": 1782533479613, "location": "__init__.py:static_proxy", "message": "Serving React asset", "data": {"path": "assets/index-nqMpL4T3.css"}, "runId": "post-fix", "hypothesisId": "F3"}
{"sessionId": "dc587c", "timestamp": 1782533479649, "location": "__init__.py:static_proxy", "message": "Serving React asset", "data": {"path": "assets/index-nqMpL4T3.css"}, "runId": "post-fix", "hypothesisId": "F3"}
{"sessionId": "dc587c", "timestamp": 1782533481968, "location": "__init__.py:index", "message": "Serving homepage", "data": {"react_dist_exists": true, "react_index": "C:\\Users\\Admin\\OSVisu\\app\\osvisu-app\\dist\\index.html"}, "runId": "post-fix", "hypothesisId": "F1"}
{"sessionId": "dc587c", "timestamp": 1782533481990, "location": "__init__.py:static_proxy", "message": "Serving React asset", "data": {"path": "assets/index-HPWcBOcz.js"}, "runId": "post-fix", "hypothesisId": "F3"}
{"sessionId": "dc587c", "timestamp": 1782533481991, "location": "__init__.py:static_proxy", "message": "Serving React asset", "data": {"path": "assets/index-nqMpL4T3.css"}, "runId": "post-fix", "hypothesisId": "F3"}
{"sessionId": "dc587c", "timestamp": 1782533482014, "location": "__init__.py:static_proxy", "message": "Serving React asset", "data": {"path": "assets/index-nqMpL4T3.css"}, "runId": "post-fix", "hypothesisId": "F3"}
